// Jest Snapshot v1, https://goo.gl/fbAQLP

exports[`OverviewListItem should render the component correctly 1`] = `
<tr
  className="OverviewListItem  "
/>
`;
